cargo :     Blocking waiting for file lock on build directory
At line:1 char:1
+ cargo test --all -- --test-threads=1 2>&1 | Tee-Object -FilePath test ...
+ ~~~~~~~~~~~~~~~~~~~~~~~~~~~~~~~~~~~~~~~~~
    + CategoryInfo          : NotSpecified: (    Blocking wa...build directory 
   :String) [], RemoteException
    + FullyQualifiedErrorId : NativeCommandError
 
